[54.94.75.155/index.html]
[backblue.gif]
[fade.gif]
[index.html]
[54.94.75.155/wp-content/plugins/woocommerce/packages/woocommerce-blocks/build/wc-blocks-vendors-style13cb.css]
[54.94.75.155/wp-content/plugins/woocommerce/packages/woocommerce-blocks/build/wc-blocks-style13cb.css]
[54.94.75.155/wp-includes/css/dashicons.min6fb3.css]
[54.94.75.155/wp-content/plugins/sportspress/assets/css/sportspress27a2.css]
[54.94.75.155/feed/index.html]
[54.94.75.155/wp-content/plugins/sportspress/assets/css/icons9d52.css]
[54.94.75.155/comments/feed/index.html]
[54.94.75.155/wp-content/plugins/sportspress/assets/css/sportspress-style9d52.css]
[54.94.75.155/wp-content/plugins/sportspress/assets/css/sportspress-style-ltr9d52.css]
[54.94.75.155/wp-content/plugins/woocommerce/assets/css/woocommerce-layout9156.css]
[54.94.75.155/wp-content/plugins/woocommerce/assets/css/woocommerce-smallscreen9156.css]
[54.94.75.155/wp-content/plugins/woocommerce/assets/css/woocommerce9156.css]
[54.94.75.155/wp-content/themes/Divi/includes/builder/styles/images/preloader.gif]
[54.94.75.155/wp-content/themes/Divi/core/admin/fonts/modules/social/modules.eot]
[54.94.75.155/wp-content/et-cache/73/et-divi-dynamic-73-late36c3.css]
[54.94.75.155/wp-content/et-cache/73/et-divi-dynamic-7336c3.css]
[54.94.75.155/wp-content/plugins/google-analytics-dashboard-for-wp/assets/js/frontend-gtag.min8ebc.js]
[54.94.75.155/wp-json/index.html]
[54.94.75.155/wp-json/wp/v2/pages/73.json]
[54.94.75.155/xmlrpc0db0.php]
[54.94.75.155/wp-includes/wlwmanifest.xml]
[54.94.75.155/wp-json/oembed/1.0/embed9873.json]
[54.94.75.155/wp-json/oembed/1.0/embedc266]
[connect.facebook.net/en_US/fbevents.js]
[54.94.75.155/wp-content/uploads/2020/08/cropped-Escudonovomilandoscoelhos-32x32.png]
[54.94.75.155/wp-content/uploads/2020/08/cropped-Escudonovomilandoscoelhos-192x192.png]
[54.94.75.155/wp-content/uploads/2020/08/cropped-Escudonovomilandoscoelhos-180x180.png]
[milandoscoelhos.com/wp-content/uploads/2020/07/movido_a_futebol-campeoes.19.delayed]
[54.94.75.155/wp-content/et-cache/73/et-core-unified-deferred-73.min0766.css]
[54.94.75.155/wp-content/plugins/official-facebook-pixel/js/openbridge_plugin.js]
[milandoscoelhos.com/wp-content/uploads/2020/08/Escudonovomilandoscoelhos.png]
[milandoscoelhos.com/wp-content/uploads/2019/04/futebolafiliadosparaosite2.1f.delayed]
[milandoscoelhos.com/wp-content/uploads/2020/09/movidoafutebolcinza2.png]
[54.94.75.155/nosso-filme/index.html]
[54.94.75.155/patrocine/index.html]
[54.94.75.155/blog/index.html]
[milandoscoelhos.com/wp-content/uploads/2020/07/logodapazear.22.delayed]
[54.94.75.155/carrinho/index.html]
[54.94.75.155/milan-dos-coelhos-jogara-quartas-de-finais-da-taca-pernambuco-de-fut7-com-sub12/index.html]
[milandoscoelhos.com/wp-content/uploads/2020/07/lovefutbol.png]
[milandoscoelhos.com/wp-content/uploads/2020/07/bolamilandoscoelhos.jpg]
[milandoscoelhos.com/wp-content/uploads/2020/07/evinhocampeaomarcos.jpg]
[milandoscoelhos.com/wp-content/uploads/2020/07/pernajogadormilandoscoelhos.jpg]
[milandoscoelhos.com/wp-content/uploads/2020/07/Penaltigoleiromilandoscoelhos.jpg]
[54.94.75.155/wp-includes/js/mediaelement/mediaelementplayer-legacy.min1f61.css]
[54.94.75.155/wp-includes/js/mediaelement/wp-mediaelement.min6fb3.css]
[54.94.75.155/wp-includes/css/dist/block-library/style.min6fb3.css]
[54.94.75.155/wp-includes/js/jquery/jquery.mina7a0.js]
[54.94.75.155/wp-includes/js/jquery/jquery-migrate.mind617.js]
[54.94.75.155/wp-content/plugins/sportspress/assets/js/jquery.dataTables.min2c18.js]
[54.94.75.155/wp-content/plugins/sportspress/assets/js/sportspress27a2.js]
[54.94.75.155/wp-content/plugins/woocommerce/assets/js/jquery-blockui/jquery.blockUI.min0c29.js]
[54.94.75.155/wp-content/plugins/woocommerce/assets/js/frontend/add-to-cart.min9156.js]
[54.94.75.155/wp-content/plugins/woocommerce/assets/js/js-cookie/js.cookie.min5a70.js]
[54.94.75.155/wp-content/plugins/woocommerce/assets/js/frontend/woocommerce.min9156.js]
[54.94.75.155/wp-content/plugins/woocommerce/assets/js/frontend/cart-fragments.min9156.js]
[54.94.75.155/wp-content/themes/Divi/js/scripts.mincf02.js]
[54.94.75.155/wp-content/themes/Divi/includes/builder/feature/dynamic-assets/assets/js/jquery.fitvidscf02.js]
[54.94.75.155/wp-content/themes/Divi/includes/builder/feature/dynamic-assets/assets/js/magnific-popupcf02.js]
[54.94.75.155/wp-content/themes/Divi/includes/builder/feature/dynamic-assets/assets/js/easypiechartcf02.js]
[54.94.75.155/wp-content/themes/Divi/includes/builder/feature/dynamic-assets/assets/js/salvattorecf02.js]
[54.94.75.155/wp-content/themes/Divi/core/admin/js/commoncf02.js]
[54.94.75.155/wp-includes/js/mediaelement/mediaelement-and-player.min1f61.js]
[54.94.75.155/wp-includes/js/mediaelement/mediaelement-migrate.min6fb3.js]
[54.94.75.155/wp-includes/js/mediaelement/wp-mediaelement.min6fb3.js]
[54.94.75.155/index.html]
[54.94.75.155/xmlrpc.php]
[54.94.75.155/wp-content/plugins/woocommerce/packages/woocommerce-blocks/build/wc-blocks-vendors-style13cb.css]
[54.94.75.155/wp-content/plugins/woocommerce/packages/woocommerce-blocks/build/wc-blocks-style13cb.css]
[54.94.75.155/wp-includes/fonts/dashicons7d4b.eot]
[54.94.75.155/wp-includes/fonts/dashicons7d4b.ttf]
[54.94.75.155/wp-includes/css/dashicons.min6fb3.css]
[54.94.75.155/wp-content/plugins/sportspress/assets/images/maps/pin.png]
[54.94.75.155/wp-content/plugins/sportspress/assets/css/sportspress27a2.css]
[54.94.75.155/wp-content/plugins/sportspress/assets/fonts/sportspress1a19.eot]
[54.94.75.155/wp-content/plugins/sportspress/assets/fonts/sportspressd41d.eot]
[54.94.75.155/wp-content/plugins/sportspress/assets/fonts/sportspress1a19.woff2]
[54.94.75.155/wp-content/plugins/sportspress/assets/fonts/sportspress1a19.ttf]
[54.94.75.155/wp-content/plugins/sportspress/assets/fonts/sportspress1a19.woff]
[54.94.75.155/wp-content/plugins/sportspress/assets/css/icons9d52.css]
[54.94.75.155/wp-content/plugins/sportspress/assets/css/sportspress-style9d52.css]
[54.94.75.155/wp-content/plugins/sportspress/assets/css/sportspress-style-ltr9d52.css]
[54.94.75.155/wp-content/plugins/woocommerce/assets/css/woocommerce-layout9156.css]
[54.94.75.155/wp-content/plugins/woocommerce/assets/css/woocommerce-smallscreen9156.css]
[54.94.75.155/wp-content/plugins/woocommerce/assets/fonts/star.eot]
[54.94.75.155/wp-content/plugins/woocommerce/assets/fonts/stard41d.eot]
[54.94.75.155/wp-content/plugins/woocommerce/assets/fonts/star.woff]
[54.94.75.155/wp-content/plugins/woocommerce/assets/fonts/star.ttf]
[54.94.75.155/wp-content/plugins/woocommerce/assets/fonts/WooCommerce.eot]
[54.94.75.155/wp-content/plugins/woocommerce/assets/fonts/WooCommerced41d.eot]
[54.94.75.155/wp-content/plugins/woocommerce/assets/fonts/WooCommerce.woff]
[54.94.75.155/wp-content/plugins/woocommerce/assets/fonts/WooCommerce.ttf]
[54.94.75.155/wp-content/plugins/woocommerce/assets/css/woocommerce9156.css]
[54.94.75.155/wp-content/et-cache/73/et-divi-dynamic-73-late36c3.css]
[54.94.75.155/wp-content/et-cache/73/et-divi-dynamic-7336c3.css]
[54.94.75.155/agenda-milan-dos-coelhos-vai-para-o-esporte-espetacular/index.html]
[connect.facebook.net/en_US/fbevents.js]
[milandoscoelhos.com/wp-content/uploads/2020/07/movido_a_futebol-campeoes.html]
[54.94.75.155/wp-content/et-cache/73/et-core-unified-deferred-73.min0766.css]
[milandoscoelhos.com/wp-content/uploads/2020/08/Escudonovomilandoscoelhos.html]
[54.94.75.155/wp-content/et-cache/438/et-divi-dynamic-438-latecdf8.css]
[54.94.75.155/wp-json/wp/v2/pages/438.json]
[54.94.75.155/wp-json/oembed/1.0/embed805d.json]
[54.94.75.155/wp-json/oembed/1.0/embed2bbf]
[milandoscoelhos.com/wp-content/uploads/2020/07/soccer-11.62.delayed]
[54.94.75.155/nosso-filme/index.html]
[54.94.75.155/wp-content/et-cache/241/et-divi-dynamic-241-late4ade.css]
[54.94.75.155/wp-content/et-cache/241/et-divi-dynamic-2414ade.css]
[54.94.75.155/wp-json/wp/v2/pages/241.json]
[54.94.75.155/wp-json/oembed/1.0/embedeff8.json]
[54.94.75.155/wp-json/oembed/1.0/embed3d17]
[milandoscoelhos.com/wp-content/uploads/2020/09/soccer-16.jpg]
[54.94.75.155/wp-content/et-cache/241/et-core-unified-deferred-241.min075f.css]
[milandoscoelhos.com/wp-content/uploads/2021/02/escudoesportesdasorte.png]
[milandoscoelhos.com/wp-content/uploads/2022/04/Posta-para-Instagram-e-Facebook-de-Bem-vindo-.png]
[milandoscoelhos.com/wp-content/uploads/2021/03/milandoscoelhos-esporte-espetacular-1022x1024.jpg]
[milandoscoelhos.com/wp-content/uploads/2020/10/thiagodeamaralxabreu-1024x1024.jpg]
[54.94.75.155/wp-content/uploads/2020/10/ksleisecaudinese2-400x250.jpg]
[54.94.75.155/blog/index.html]
[54.94.75.155/author/rafadourado/index.html]
[54.94.75.155/category/jogo/index.html]
[54.94.75.155/blog/page/2/indexf83b.html]
[54.94.75.155/milan-dos-coelhos-faz-24-anos/index.html]
[54.94.75.155/wp-content/themes/Divi/core/admin/fonts/modules/base/modules.eot]
[54.94.75.155/author/orafadourado/index.html]
[54.94.75.155/category/uncategorized/index.html]
[54.94.75.155/milan-dos-coelhos-segue-bem-na-super-pernambucano-de-fut7-2020-classificado-as-semi-finais-da-sede-joga-rumo-a-final-hoje/index.html]
[54.94.75.155/wp-content/et-cache/570/et-divi-dynamic-570-late075f.css]
[54.94.75.155/milan-dos-coelhos-empata-em-1x1-com-o-rb-leipzig-abreu-e-lima-e-se-classifica-pelo-super-pernambucano-de-fut7/index.html]
[54.94.75.155/milan-dos-coelhos-vence-udinese-lei-seca-de-virada-pela-2a-rodada-do-super-pe-fut-7/index.html]
[54.94.75.155/wp-json/wp/v2/pages/570.json]
[54.94.75.155/wp-json/oembed/1.0/embed9de4.json]
[54.94.75.155/wp-json/oembed/1.0/embed70fb]
[milandoscoelhos.com/wp-content/uploads/2021/03/soccer-13.7a.delayed]
[54.94.75.155/patrocine/index.html]
[54.94.75.155/wp-content/plugins/woocommerce/assets/css/select29156.css]
[54.94.75.155/wp-content/plugins/woocommerce-subscriptions/vendor/woocommerce/subscriptions-core/assets/css/checkout9156.css]
[54.94.75.155/wp-content/plugins/woocommerce-gateway-stripe/assets/css/stripe-stylesd833.css]
[54.94.75.155/wp-content/plugins/woocommerce/assets/js/frontend/tokenization-form.min9156.js]
[54.94.75.155/wp-json/wp/v2/pages/435.json]
[54.94.75.155/wp-json/oembed/1.0/embeddeaf.json]
[54.94.75.155/wp-json/oembed/1.0/embed487a]
[54.94.75.155/wp-content/et-cache/global/et-divi-customizer-global.min937b.css]
[54.94.75.155/wp-login.html]
[54.94.75.155/loja/index.html]
[54.94.75.155/wp-content/plugins/woocommerce-subscriptions/vendor/woocommerce/subscriptions-core/assets/js/frontend/wcs-cartae82.js]
[54.94.75.155/2021/03/index.html]
[54.94.75.155/2022/05/index.html]
[54.94.75.155/2022/04/index.html]
[54.94.75.155/2020/11/index.html]
[54.94.75.155/wp-content/plugins/woocommerce/assets/js/frontend/country-select.min9156.js]
[54.94.75.155/wp-content/plugins/woocommerce/assets/js/frontend/address-i18n.min9156.js]
[54.94.75.155/2020/10/index.html]
[54.94.75.155/2020/09/index.html]
[54.94.75.155/wp-content/plugins/woocommerce/assets/js/frontend/cart.min9156.js]
[54.94.75.155/wp-content/plugins/woocommerce/assets/js/selectWoo/selectWoo.full.min90c0.js]
[54.94.75.155/wp-content/plugins/woocommerce-gateway-stripe/assets/js/stripe-payment-request.mind833.js]
[54.94.75.155/wp-content/plugins/woocommerce/assets/js/jquery-payment/jquery.payment.minbea0.js]
[54.94.75.155/wp-content/plugins/woocommerce-gateway-stripe/assets/js/stripe.mind833.js]
[54.94.75.155/wp-content/plugins/woocommerce-extra-checkout-fields-for-brazil/assets/js/jquery.mask/jquery.mask.min4de8.js]
[54.94.75.155/carrinho/index.html]
[54.94.75.155/wp-json/wp/v2/posts/678.json]
[54.94.75.155/wp-json/oembed/1.0/embeda178.json]
[54.94.75.155/wp-json/oembed/1.0/embed21df]
[54.94.75.155/milan-dos-coelhos-jogara-quartas-de-finais-da-taca-pernambuco-de-fut7-com-sub12/index.html]
[milandoscoelhos.com/wp-content/uploads/2019/04/futebolafiliadosparaosite2.html]
[milandoscoelhos.com/wp-content/uploads/2020/09/movidoafutebolcinza2.html]
[milandoscoelhos.com/wp-content/uploads/2020/07/logodapazear.html]
[milandoscoelhos.com/wp-content/uploads/2020/07/lovefutbol.html]
[milandoscoelhos.com/wp-content/uploads/2020/07/bolamilandoscoelhos.html]
[milandoscoelhos.com/wp-content/uploads/2020/07/evinhocampeaomarcos.html]
[milandoscoelhos.com/wp-content/uploads/2020/07/pernajogadormilandoscoelhos.html]
[milandoscoelhos.com/wp-content/uploads/2020/07/Penaltigoleiromilandoscoelhos.html]
[54.94.75.155/wp-includes/js/mediaelement/mediaelementplayer-legacy.min1f61.css]
[54.94.75.155/wp-includes/js/mediaelement/wp-mediaelement.min6fb3.css]
[54.94.75.155/wp-includes/css/dist/block-library/style.min6fb3.css]
[54.94.75.155/wp-content/plugins/sportspress/assets/fonts/sportspress1a19.svg]
[54.94.75.155/wp-content/plugins/woocommerce/assets/fonts/star.svg]
[54.94.75.155/wp-content/plugins/woocommerce/assets/fonts/WooCommerce.svg]
[54.94.75.155/wp-content/plugins/woocommerce/assets/images/icons/loader.svg]
[54.94.75.155/wp-content/plugins/woocommerce/assets/images/icons/credit-cards/visa.svg]
[54.94.75.155/wp-content/plugins/woocommerce/assets/images/icons/credit-cards/mastercard.svg]
[54.94.75.155/wp-content/plugins/woocommerce/assets/images/icons/credit-cards/laser.svg]
[54.94.75.155/wp-content/plugins/woocommerce/assets/images/icons/credit-cards/diners.svg]
[54.94.75.155/wp-content/plugins/woocommerce/assets/images/icons/credit-cards/maestro.svg]
[54.94.75.155/wp-content/plugins/woocommerce/assets/images/icons/credit-cards/jcb.svg]
[54.94.75.155/wp-content/plugins/woocommerce/assets/images/icons/credit-cards/amex.svg]
[54.94.75.155/wp-content/plugins/woocommerce/assets/images/icons/credit-cards/discover.svg]
[54.94.75.155/wp-json/wp/v2/posts/564.json]
[54.94.75.155/wp-json/oembed/1.0/embed4c4d.json]
[54.94.75.155/wp-json/oembed/1.0/embed131a]
[54.94.75.155/agenda-milan-dos-coelhos-vai-para-o-esporte-espetacular/index.html]
[54.94.75.155/POST.html]
[54.94.75.155/schema.org/index.html]
[54.94.75.155/signals/iwl.html]
[54.94.75.155/wp-content/et-cache/438/et-divi-dynamic-438-latecdf8.css]
[54.94.75.155/index9ed5.html]
[milandoscoelhos.com/wp-content/uploads/2020/07/soccer-11.html]
[54.94.75.155/wp-content/et-cache/241/et-divi-dynamic-241-late4ade.css]
[54.94.75.155/wp-content/themes/Divi/includes/builder/styles/images/subscribe-loader.gif]
[54.94.75.155/wp-content/et-cache/241/et-divi-dynamic-2414ade.css]
[54.94.75.155/index03e1.html]
[milandoscoelhos.com/wp-content/uploads/2020/09/soccer-16.html]
[54.94.75.155/wp-content/et-cache/241/et-core-unified-deferred-241.min075f.css]
[milandoscoelhos.com/wp-content/uploads/2021/02/escudoesportesdasorte.html]
[54.94.75.155/author/rafadourado/index.html]
[54.94.75.155/author/rafadourado/feed/index.html]
[54.94.75.155/novo-uniforme-do-milan-dos-coelhos/index.html]
[54.94.75.155/category/jogo/feed/index.html]
[54.94.75.155/wp-json/wp/v2/categories/11.json]
[54.94.75.155/wp-content/uploads/2020/10/ksleisecaudinese2.jpg]
[54.94.75.155/category/jogo/index.html]
[milandoscoelhos.com/wp-content/uploads/2020/09/estreia-milan-dos-coelhos-1024x682.99.delayed]
[54.94.75.155/wp-content/uploads/2020/07/movido_a_futebol-campeoes-400x250.jpg]
[54.94.75.155/blog/page/2/indexf83b.html]
[54.94.75.155/milan-dos-coelhos-estreia-com-vitoria-no-super-campeonato-pernambucano-de-fut7-2020/index.html]
[54.94.75.155/blog/indexf83b.html]
[54.94.75.155/blog/page/3/indexf83b.html]
[54.94.75.155/milan-dos-coelhos-disputara-pernambucano-de-fut7/index.html]
[54.94.75.155/wp-json/wp/v2/posts/651.json]
[54.94.75.155/wp-json/oembed/1.0/embed0655.json]
[54.94.75.155/wp-json/oembed/1.0/embed5b67]
[milandoscoelhos.com/wp-content/uploads/2022/04/Posta-para-Instagram-e-Facebook-de-Bem-vindo-1-1.9f.delayed]
[54.94.75.155/milan-dos-coelhos-faz-24-anos/index.html]
[milandoscoelhos.com/wp-content/uploads/2022/04/Posta-para-Instagram-e-Facebook-de-Bem-vindo-.html]
[54.94.75.155/author/orafadourado/feed/index.html]
[54.94.75.155/wp-content/uploads/2020/07/movido_a_futebol-campeoes.jpg]
[54.94.75.155/author/orafadourado/index.html]
[54.94.75.155/wp-json/wp/v2/categories/1.json]
[54.94.75.155/category/uncategorized/index.html]
[milandoscoelhos.com/wp-content/uploads/2021/03/milandoscoelhos-esporte-espetacular-1022x1024.html]
[54.94.75.155/category/uncategorized/feed/index.html]
[54.94.75.155/category/uncategorized/page/2/index.html]
[54.94.75.155/wp-json/wp/v2/posts/417.json]
[54.94.75.155/wp-json/oembed/1.0/embed54dc.json]
[54.94.75.155/wp-json/oembed/1.0/embed10d7]
[54.94.75.155/milan-dos-coelhos-segue-bem-na-super-pernambucano-de-fut7-2020-classificado-as-semi-finais-da-sede-joga-rumo-a-final-hoje/index.html]
[54.94.75.155/wp-json/wp/v2/posts/400.json]
[54.94.75.155/wp-json/oembed/1.0/embed362c.json]
[54.94.75.155/wp-json/oembed/1.0/embed751c]
[milandoscoelhos.com/wp-content/uploads/2020/10/RIcardinhoxrbleipzigabreu-2-1024x683.jpg]
[milandoscoelhos.com/wp-content/uploads/2020/10/Rennanxrbleipzigabreu-1024x683.jpg]
[54.94.75.155/milan-dos-coelhos-empata-em-1x1-com-o-rb-leipzig-abreu-e-lima-e-se-classifica-pelo-super-pernambucano-de-fut7/index.html]
[milandoscoelhos.com/wp-content/uploads/2020/10/thiagodeamaralxabreu-1024x1024.html]
[54.94.75.155/wp-json/wp/v2/posts/379.json]
[54.94.75.155/wp-json/oembed/1.0/embed7798.json]
[54.94.75.155/wp-json/oembed/1.0/embed0714]
[milandoscoelhos.com/wp-content/uploads/2020/10/jpdafielxleisecaudinese.jpeg]
[milandoscoelhos.com/wp-content/uploads/2020/10/caiquenegaoxleiseca.jpeg]
[milandoscoelhos.com/wp-content/uploads/2020/10/jpdogol.jpeg]
[milandoscoelhos.com/wp-content/uploads/2020/10/jpeedcarlosxleisecaudinese.jpeg]
[milandoscoelhos.com/wp-content/uploads/2020/10/milandoscoelhosxleiseca2.jpeg]
[milandoscoelhos.com/wp-content/uploads/2020/10/ricardinhoxleiseca.jpeg]
[54.94.75.155/milan-dos-coelhos-vence-udinese-lei-seca-de-virada-pela-2a-rodada-do-super-pe-fut-7/index.html]
[54.94.75.155/wp-content/et-cache/570/et-divi-dynamic-570-late075f.css]
[54.94.75.155/indexfa8d.html]
[milandoscoelhos.com/wp-content/uploads/2021/03/soccer-13.html]
[54.94.75.155/wp-content/plugins/woocommerce/assets/css/select29156.css]
[54.94.75.155/wp-content/plugins/woocommerce-subscriptions/vendor/woocommerce/subscriptions-core/assets/css/checkout9156.css]
[54.94.75.155/wp-content/plugins/woocommerce-gateway-stripe/assets/css/stripe-stylesd833.css]
[54.94.75.155/index6205.html]
[54.94.75.155/wp-content/et-cache/global/et-divi-customizer-global.min937b.css]
[54.94.75.155/wp-content/et-cache/archive/et-divi-dynamice382.css]
[54.94.75.155/wp-content/plugins/woocommerce/assets/css/photoswipe/photoswipe.min9156.css]
[54.94.75.155/wp-content/plugins/woocommerce/assets/css/photoswipe/default-skin/default-skin.min9156.css]
[54.94.75.155/loja/feed/index.html]
[54.94.75.155/wp-content/plugins/woocommerce/assets/js/zoom/jquery.zoom.min355e.js]
[54.94.75.155/wp-content/plugins/woocommerce/assets/js/flexslider/jquery.flexslider.mindb66.js]
[54.94.75.155/wp-content/plugins/woocommerce/assets/js/photoswipe/photoswipe.min0eed.js]
[54.94.75.155/wp-content/plugins/woocommerce/assets/js/photoswipe/photoswipe-ui-default.min0eed.js]
[54.94.75.155/wp-content/plugins/woocommerce/assets/js/frontend/single-product.min9156.js]
[54.94.75.155/wp-content/plugins/woocommerce/assets/js/frontend/checkout.min9156.js]
[54.94.75.155/loja/index.html]
[54.94.75.155/2022/05/index.html]
[54.94.75.155/2022/04/index.html]
[54.94.75.155/2021/03/index.html]
[54.94.75.155/2020/11/index.html]
[54.94.75.155/2020/10/index.html]
[54.94.75.155/2020/09/index.html]
[54.94.75.155/wp-content/plugins/woocommerce/assets/js/select2/select2.full.min9b91.js]
[54.94.75.155/wp-includes/css/buttons.min6fb3.css]
[54.94.75.155/wp-admin/css/forms.min6fb3.css]
[54.94.75.155/wp-admin/css/l10n.min6fb3.css]
[54.94.75.155/wp-admin/css/login.min6fb3.css]
[54.94.75.155/wp-includes/js/jquery/ui/core.min3f14.js]
[54.94.75.155/wp-includes/js/jquery/ui/tooltip.min3f14.js]
[54.94.75.155/wp-includes/js/zxcvbn-async.min5152.js]
[54.94.75.155/wp-includes/js/dist/vendor/regenerator-runtime.min3937.js]
[54.94.75.155/wp-includes/js/dist/vendor/wp-polyfill.min2c7c.js]
[54.94.75.155/wp-includes/js/dist/hooks.min6c65.js]
[54.94.75.155/minha-conta/lost-password/index.html]
[54.94.75.155/wp-includes/js/dist/i18n.mine57b.js]
[54.94.75.155/wp-admin/js/password-strength-meter.min6fb3.js]
[54.94.75.155/wp-includes/js/underscore.mind584.js]
[54.94.75.155/wp-includes/js/wp-util.min6fb3.js]
[54.94.75.155/wp-admin/js/user-profile.min6fb3.js]
[54.94.75.155/wp-login.html]
[54.94.75.155/indexc5e7.html]
[54.94.75.155/wp-includes/js/mediaelement/mejs-controls.svg]
[54.94.75.155/index04f2.html]
[54.94.75.155/wp-json/wp/v2/users/1.json]
[54.94.75.155/wp-json/wp/v2/posts/348.json]
[54.94.75.155/wp-json/oembed/1.0/embedc621.json]
[54.94.75.155/wp-json/oembed/1.0/embedea57]
[54.94.75.155/novo-uniforme-do-milan-dos-coelhos/index.html]
[54.94.75.155/blog/page/3/indexf83b.html]
[54.94.75.155/blog/indexf83b.html]
[54.94.75.155/wp-json/wp/v2/posts/331.json]
[54.94.75.155/blog/page/4/indexf83b.html]
[54.94.75.155/wp-json/oembed/1.0/embed9b9d.json]
[54.94.75.155/wp-json/oembed/1.0/embed167a]
[milandoscoelhos.com/wp-content/uploads/2020/09/thiago-de-amaral-chutando-1024x683.e4.delayed]
[milandoscoelhos.com/wp-content/uploads/2020/09/milan-dos-coelhos-estreia-time-1024x683.jpg]
[54.94.75.155/milan-dos-coelhos-estreia-com-vitoria-no-super-campeonato-pernambucano-de-fut7-2020/index.html]
[milandoscoelhos.com/wp-content/uploads/2020/09/estreia-milan-dos-coelhos-1024x682.html]
[54.94.75.155/wp-json/wp/v2/posts/189.json]
[54.94.75.155/wp-json/oembed/1.0/embed7797.json]
[54.94.75.155/wp-json/oembed/1.0/embed1cec]
[54.94.75.155/milan-dos-coelhos-disputara-pernambucano-de-fut7/index.html]
[54.94.75.155/indexa26f.html]
[milandoscoelhos.com/wp-content/uploads/2022/04/Posta-para-Instagram-e-Facebook-de-Bem-vindo-1-1.html]
[54.94.75.155/wp-json/wp/v2/users/2.json]
[54.94.75.155/category/uncategorized/page/2/index.html]
[54.94.75.155/indexb8c6.html]
[54.94.75.155/index2d8c.html]
[milandoscoelhos.com/wp-content/uploads/2020/10/RIcardinhoxrbleipzigabreu-2-1024x683.html]
[milandoscoelhos.com/wp-content/uploads/2020/10/Rennanxrbleipzigabreu-1024x683.html]
[54.94.75.155/index60bd.html]
[milandoscoelhos.com/wp-content/uploads/2020/10/jpdafielxleisecaudinese.html]
[milandoscoelhos.com/wp-content/uploads/2020/10/caiquenegaoxleiseca.html]
[milandoscoelhos.com/wp-content/uploads/2020/10/jpdogol.html]
[milandoscoelhos.com/wp-content/uploads/2020/10/jpeedcarlosxleisecaudinese.html]
[milandoscoelhos.com/wp-content/uploads/2020/10/milandoscoelhosxleiseca2.html]
[milandoscoelhos.com/wp-content/uploads/2020/10/ricardinhoxleiseca.html]
[54.94.75.155/wp-content/plugins/woocommerce-gateway-stripe/assets/images/credit-card.svg]
[54.94.75.155/wp-content/plugins/woocommerce-gateway-stripe/assets/images/visa.svg]
[54.94.75.155/wp-content/plugins/woocommerce-gateway-stripe/assets/images/amex.svg]
[54.94.75.155/wp-content/plugins/woocommerce-gateway-stripe/assets/images/diners.svg]
[54.94.75.155/wp-content/plugins/woocommerce-gateway-stripe/assets/images/discover.svg]
[54.94.75.155/wp-content/plugins/woocommerce-gateway-stripe/assets/images/jcb.svg]
[54.94.75.155/wp-content/plugins/woocommerce-gateway-stripe/assets/images/maestro.svg]
[54.94.75.155/wp-content/plugins/woocommerce-gateway-stripe/assets/images/mastercard.svg]
[54.94.75.155/wp-content/et-cache/archive/et-divi-dynamice382.css]
[54.94.75.155/wp-content/plugins/woocommerce/assets/css/photoswipe/default-skin/default-skin.png]
[54.94.75.155/wp-content/plugins/woocommerce/assets/css/photoswipe/photoswipe.min9156.css]
[54.94.75.155/wp-content/plugins/woocommerce/assets/css/photoswipe/default-skin/preloader.gif]
[54.94.75.155/wp-content/plugins/woocommerce/assets/css/photoswipe/default-skin/default-skin.min9156.css]
[54.94.75.155/wp-includes/css/buttons.min6fb3.css]
[54.94.75.155/wp-admin/images/loading.gif]
[54.94.75.155/wp-admin/css/forms.min6fb3.css]
[54.94.75.155/wp-admin/css/l10n.min6fb3.css]
[54.94.75.155/wp-admin/images/w-logo-blue7a53.png]
[54.94.75.155/wp-admin/css/login.min6fb3.css]
[54.94.75.155/wp-content/plugins/woocommerce-subscriptions/vendor/woocommerce/subscriptions-core/assets/css/view-subscriptionae82.css]
[54.94.75.155/minha-conta/index.html]
[54.94.75.155/wp-json/wp/v2/pages/437.json]
[54.94.75.155/wp-json/oembed/1.0/embedd2f7.json]
[54.94.75.155/wp-json/oembed/1.0/embed5759]
[54.94.75.155/wp-content/plugins/woocommerce/assets/js/frontend/password-strength-meter.min9156.js]
[54.94.75.155/wp-content/plugins/woocommerce/assets/js/frontend/lost-password.min9156.js]
[54.94.75.155/minha-conta/lost-password/index.html]
[54.94.75.155/index2206.html]
[54.94.75.155/blog/page/4/indexf83b.html]
[54.94.75.155/index371d.html]
[milandoscoelhos.com/wp-content/uploads/2020/09/thiago-de-amaral-chutando-1024x683.html]
[milandoscoelhos.com/wp-content/uploads/2020/09/milan-dos-coelhos-estreia-time-1024x683.html]
[54.94.75.155/indexa80c.html]
[54.94.75.155/wp-content/plugins/woocommerce/assets/css/photoswipe/default-skin/default-skin.svg]
[54.94.75.155/wp-admin/images/wordpress-logo7d6b.svg]
[54.94.75.155/minha-conta/index.html]
[54.94.75.155/wp-content/plugins/woocommerce-subscriptions/vendor/woocommerce/subscriptions-core/assets/css/view-subscriptionae82.css]
[54.94.75.155/index14c7.html]
[54.94.75.155/blog/page/5/indexf83b.html]
[54.94.75.155/blog/page/5/indexf83b.html]
[54.94.75.155/blog/page/6/indexf83b.html]
[54.94.75.155/blog/page/6/indexf83b.html]
[54.94.75.155/blog/page/7/indexf83b.html]
[54.94.75.155/blog/page/7/indexf83b.html]
[54.94.75.155/blog/page/8/indexf83b.html]
[54.94.75.155/blog/page/8/indexf83b.html]
[54.94.75.155/blog/page/9/indexf83b.html]
[54.94.75.155/blog/page/9/indexf83b.html]
